{
 "Balances": {
  "-1:3333333333333333333333333333333333333333333333333333333333333333": "514178994451838962",
  "-1:5555555555555555555555555555555555555555555555555555555555555555": "1637671300957"
 }
}