{
 "Balances": {
  "0:80a400e1da7e97bd328ddc1cb3826ab40ba4ce0e4c732a0333b7b1d8fda8ed30": "30274253018",
  "0:824056efc323eec5b1cabc56070d5f922c569043885fa0cffc77e0d326c9f8ba": "1615843928",
  "0:8618cf5f17d866bc0b7b38b59929b5f4b5fdc0e59ac217b116e6699d524df092": "36673498",
  "0:8623e681a4158478df24b8ed5afece37860042945cd8f0d0108a081b4bff81cb": "30327082767",
  "0:8638fd460a267e6c3a907f3d331b32963f293d948a7fe970dc2b91b468cdffaa": "28028733562",
  "0:86822ae4cd5d4cc77da0da44c6fd301353aedc9adbf5804067e6c64b4f7d7a7d": "28731749025",
  "0:87e0127c46b997035fadaf782ef2ef396546549b8d1919dcd60901b98d282a4b": "10515892015290",
  "0:883842f1d72673994880fddfc3740cf51f8ffe5b171aa9e3fe690f87229de419": "30869256077",
  "0:8adb2df162f217f8f481d4a15fdfaa73afe9a2b910073b6c1569a7566b992c98": "28505653378",
  "0:8b27523275c13a64ed92fbf5614af756893412bcfc4eb6eb76e6ada04daee16a": "31910584800",
  "0:8c28b1cb34f2c4e8a9bea75b2f9cac85dd8b004ca69442ef7593d3fdc5d261aa": "35143324648",
  "0:8d623b7360a6bcdbf9eee57feca594223fd37ff68752708b4d4f4bdfb759c96b": "86246304967",
  "0:8e2ff35e189d2212447e0429f21c3ac953736e2dffd5b973bcf01b103c091da6": "27940344963",
  "0:8e9d663d07e03b508652ae54a641cdec62b084d23112ce5d475299e2e1fa068b": "18691079",
  "0:8f13d52355c0e5628aeffd5d686ed6289931bd170c77d219225aa8cf61d277c3": "31328243349",
  "0:8f14b6ad5fd63606c36cf4350b4492811929b9690883aba70d2cc11b4ac136b2": "30316749709",
  "0:9148d13d5ba2a75dd54fc88b952901056cc5079fd0947d10e432646214badd86": "2950929658",
  "0:930f1f02912192f1af13209fb7fdad390279c88912269d8f9870f1b5cfc0a411": "31045219251",
  "0:9345076e77739172fa04868efb658d5f19e45369a5b48499fd169ce9bace3719": "3584641585",
  "0:936b1c01501641f2c60d3dc6fe5a2f5b212071de25ae25bf8060701c07223323": "1224256664",
  "0:93dc85f39e33ad9535ec74c303c78f3c3cb141a1f922f6122e9833589bba7606": "31419758468",
  "0:94be03ac7756782e66f6f95e1d30cc5a03f200e47ac8567be9b177dd42aa44ab": "28302949767",
  "0:95c435fd6acc3b0e8900e5515106a93aa523573bbab0065f4889dbf1984ee94b": "20392898372",
  "0:99cfc9341ebcfaea4681c3a7c436a15a76a1b516dabe2f7333ca72e8322d10f7": "140033002500",
  "0:9a0ffac0b7fb8120b5df48270a8087339842cf471d6ed626f19a3111da51d852": "13678537705",
  "0:9a715d887d9e718e856efce8d6934264db4213a5c17c679049243acf30e825b3": "28793434775",
  "0:9b6b9abd5686068221b29156b3394678f542bed5196351e66053a13e6d6d1ba8": "45145057800",
  "0:9be545da901d5725c050d8145b142e823219eac8c1726a4a181a841c3ca6b203": "29271797228",
  "0:9c60b85db264a5ada60bc8d98f64dec0ed591b56b868002b048a1d7b057805ac": "69989974419",
  "0:9c67761ab1c727b9f3b71ff276f614f3251848e486f833f4e95b60f4b8a9c0ab": "5640851241",
  "0:9ccc2e441046e158fc5374133b9ce9d4fac5d5844c42d93f51ff40ee6c07d5ed": "1454344426",
  "0:9d23d7d33f631fade1486d437ff3fb87963cf9b1533f0b71e3ac5f4728a6bfc8": "8873634303",
  "0:9d5810f7204fe3372db9cddba32c79b971bc7291187a60883a84a8a7ef52e503": "1284015699",
  "0:9e80cf961dde7e5eaf7fce9d3cb752a993c43bf5d69afbcc92d8ff5c751a5c72": "31570531067",
  "0:9ebdec3ad4f48a96196aedad75af45f28464bb2fdc89ea7b50423890565f7268": "31834763215",
  "0:9f43116f1ce9ec75837977c7331665302a7980b3d1fe1f73675e4b227edda367": "14232297240",
  "0:9fc1ef790090df2ae0283f57c1b6efae9f5c84ecca2ffbd05768533796b259c2": "3265774777",
  "0:9fdc686207b4827ee841f272c8f07012892bef58bcaa2e1b8d676717f1f4ae69": "10274699790",
  "0:a06ca73f844d90de6143be8cc8c8af2f114e80ae3fde8f7482ae83bda479c97a": "4753304747",
  "0:a0e4c90a48093c4f4f1db77323dd1f992b0a2819da64b503a45cc5c1be637408": "1000000000",
  "0:a1c233e6dbb4431c25ad36a7fc12b46631db7710ea5b3c18b365720d27d2c4c7": "30474262964",
  "0:a1ed3beb293145d6c868af49e2d92b03176a68c8696dc6059a258398e89de4aa": "28006339",
  "0:a2041a4f76fbbebeabf072484a01a92788c73ba956f12527efd0a7c2666edff4": "7202236999",
  "0:a2291ebd7c2dbe17ff766594fce89580df831f10c6cb9d6e1f6e72e32c004411": "13648913492",
  "0:a22cdd2012266ab611b2f9d2a5e298b892a5895a347347726fe2398f3ad407bd": "581764749",
  "0:a25bfb471cd0c574eab499c1dba8be2a4f0b371c75302fff41a9c03f18908fad": "13908161858",
  "0:a27909658b71f9bb27e580d9da2a197672c041d68446a47f99e8863d04eb65df": "3224425595",
  "0:a2e9e82d0d6ba1de85eef69d2ae0438133d1cdf3e34c7693ec22a70617be587e": "14195740859",
  "0:a2ed0f8d40cfd99a4aeb921ed9f2566b69bb2ae01f42f53360fa6120b4324cff": "42423030",
  "0:a33b73aa6997c58f2a53123d824b71e5eba0add36b9bfc6d3ebdb1b8060662c3": "28255386453",
  "0:a435a7aa6ad0260547aeb3d1a9ebc5448338c12865ae37958573c28fc000f573": "8822348010",
  "0:a4471469aae780871525b86fabb5ffb8540a00ad0bb9a4711a3d53ce3b9904e2": "49275087418",
  "0:a455433ff9df24c9ec020b0434680c3de2d0d70305ffe29bcc3cf935fb711916": "1351526749",
  "0:a4a11a78384f92154a0c12761f2f7bc5e374f703335f5bc8f24c2e32ce4f1c26": "230034558834976",
  "0:a6124c7755745d6e4beab3aaa273dd5cc69859b0f4b6bc052f37bd2a5b299b29": "28010031",
  "0:a96d79692299aecb4606e00c162cc010617c3867f752523fcec534dbab997a86": "30819630830",
  "0:aa3dd92fba25c5efd2f661dc98265280333b647c09e369ee1bc20186547bd007": "9789446372734",
  "0:acc41d3c88ecc519d1d6dc2080cc36235cc484f4468ac96c13ba2b5a4e1a8e2d": "53975000",
  "0:af3261e14984ad12d500103ae9577f53d865a5fb42be8aa0b149267b23de8be3": "2681719604",
  "0:afd83abdf5cbc038515c316a59be3fa99ad5ec824e09760ce4d13b741ac43009": "137164257249",
  "0:b12dd6a053ca95580f84d8f7ee02f01d0071e050f692ddfd9288d3b4c819109d": "1319942040",
  "0:b15d618bc5e38be5c5d2d095d2082e7efb26d7f102ff332bef3a09e5b4056cc4": "28904806828",
  "0:b1be2dfd7f20a1d79d3fac031e0e2bbbf29703bbe5565d704205ef4fb29d71ec": "10798798732",
  "0:b2839b2b7992467642d980a34b2d6b8e853e5f095b4bafda9af2b183bf6e360c": "1207656061687",
  "0:b33a3b68c39b0a02741c12fd26cfb12037c0ba6c0eabc062845ea5df86f7fae4": "4774851954",
  "0:b34fc3e4d59fda32936e91d57e32ac1ce8b35a08d0edf870fa3e2692b847820f": "3209993101",
  "0:b4984d8d18915821fec59b2c0eb8487fdc3c3ad1fbe678fc6f509c4a58b0ae35": "18931657295",
  "0:b500d09a7abc376cf56ddccd79f7449a5c11595b8e2914be01b9c1c6e4646782": "9419437946",
  "0:b5023bdf6f786bc7387d1b123e528e06577c401452b902a76cf5ada032bec35a": "5986156447",
  "0:b5619fdb6676ba1256a0d0357bdec420d2c0601aef08ab46217a97502800857d": "10173273918",
  "0:b5d0bfff1b649e11e3362f0f68b06c98c61a083ea27013ef0f7bbef6f097269c": "429179078",
  "0:b5d26ec20d2113a1677fbd771183d66a52795805de97fd912e704a2184703be4": "10896015755",
  "0:b5f1b47f70a61b1f9ead009d49c17819cd8dbb90c6d6044cd0bbff34738f4b07": "13987703472",
  "0:b71a63c3de501275ba09d7e79fcfbfb7f10c2ce8a9609979793832a7a1f6c2ea": "5773888102",
  "0:b728415cb6211702c99c4a941d62301c7a4591aa29561ee8eb3b731a9c8356cc": "30003091983",
  "0:b899a6ed157f9a737a3a26bd3307f45bc68f83e99b312692c3855465b1c45250": "11069725107",
  "0:baa89ba9b1a99042d736de7f6231643c490725356e571cef2f694b8c0cb16ef7": "1185173302",
  "0:baf3f1950d606451435b8540516b15451da34599bfd8a7bc7a484a93b3998e8c": "2417333644",
  "0:bd0f0c6482a00d5c88921e28c2e3131b7891a360640f4bde9141fd0aef409f17": "17996952245",
  "0:beb0ab40deef6fc48d1935965421ff1655235acb5b490d5bcffc23c15065587e": "139578559468",
  "0:bf503adb9cd11b9ce555eda692e8751bc0a9b52debbde478f468598ffd645825": "32023888200",
  "0:bfb22938fdbcfdb2d430a066dcd4fc4b0a695c3a3be00da290c6299be2e4c95f": "30875951231",
  "0:c0a70828d7b88f26c5e6bb22199c16ebe3cdf9f2e16d1d404b637c57e8bbed7d": "32015967953",
  "0:c0b2fa88d8d8ef21046005994994b804d4efea09b84b17424725a09a70de4962": "36676606",
  "0:c132bd000bf636627e833eb2393fc40d0404ec7529d6e88c3aa03d15c19b7f0f": "13598491464",
  "0:c15302aae0302beb8fbf34e1f495db1b790aa087ff4d93b21561d896108912dc": "13718674858",
  "0:c1780239254305ced92f89eb4d518f2b0ac26d58f7c643ddf44a4f1366e1bd56": "10296986826",
  "0:c1dc654b598ab84cda4f12372efed8907cedf0901865a58649087373e01b1c24": "21115440710548",
  "0:c1f0ca3d12f881920fc1c5f36fe82d8b3bf7e82515dc804178d69990bccbe707": "1117679988",
  "0:c3eac7d6f613074418b7cf9c595d45e1e813b738523da86cd249f38273497e6b": "200000000",
  "0:c4ba67b8e72cc321d4b2fc2773eca20a664d07c82148af4c8a75bb4cc8f7c552": "18187363508",
  "0:c80ece39b216d74708675e8159837d373e41b60a285b56f417c35934ff2548ab": "48781369135",
  "0:ca5e97facabf0fa3fffafbc43c8829b95d86a8fecfea756e29a1690b7c5660e7": "4545503581",
  "0:ca87a4ec256ecbb408a82975eccece0950124fba80677d7716efb53a8371cca6": "30573989254",
  "0:cac7f11ea483da4c80626822dbc909f6ddccb11d0d94859c5959fdf800a8be32": "36673227",
  "0:cb1262128be264d85f152bbc32026216076b142af111f3aeaa4a9b3891208767": "518728396774",
  "0:cbe6f7271a0ca90e75df7545f892fdd9b4bf9be3b3b11f3950d1d10f32f6bf40": "28349057730",
  "0:cc23cb3739ca1a33903d3a120e8fc961d63a8656825ce2ba2e362d573c8bb961": "28006327",
  "0:cc23cc5289286204fae7c0118a6d78675bc75b37ffacc92f548959c4f930d248": "30918044371",
  "0:cce558073cc32e0365ebb301997fc6e284c038e2d6ca90ddde17e7ffdbfafe3b": "4950026000",
  "0:d0b362af1cb1d9cdbd0e2e54fa7bf95c6036ff9f005fdf241e4916751e9bac09": "9382074265",
  "0:d21afa24b682114cbe9f0442bfcac4bc62f2e8ab772a5b64f107fc47be22f7dd": "3071300849",
  "0:d21dba31228c76688908d38ceafe19dead47c19965c618fc547ef55f47bf4d91": "13991294564",
  "0:d25028548e07b7316c56b040949551088d6f2142d49c9f1e52f37660ee82991a": "28300633631",
  "0:d27ef2b504c0256eabc36f34fadbab4e9410a127376b8fdc35e2c6940705c005": "2074063642",
  "0:d451d9da2ce3cbd104802d6438417a148553ed06476022ad41bbc2b022225b81": "527697122",
  "0:d5a4a7b5606a0b2216c5a0af2b0896d87ab4483aa7bbbf7eb86fe65de34ae4b5": "30447535859",
  "0:d73d82802aed979aa888b67ac106281b3efd8718501ae5544a22285f94f72f8b": "798818439",
  "0:d88a79feb7d740f65ef8f43d91fa1cc323df75adeb92206bf168dce25a13b3c8": "32667190237",
  "0:d9245921d76930fb32c6a8a4865437f55763d1cde7466431437059a5e7fd107a": "1462552024",
  "0:d94410ce800c8bca4e326e7eac4850bf58070f434d4076f27c14e677dfb45f72": "13097961774",
  "0:d9452b8304f74ed07e24060d79cf72b19bc9dc4230743aec64bbfa5fbffb3b33": "9150599478",
  "0:d94bd42f845c9fccf3bd42c9006c2a59211216f47a899cc7372d6f58ae985782": "10140590915",
  "0:d9788b987b510072c653c2edad7a54b0f978d0007d637f8df0b606c0b14c84fe": "3678983762",
  "0:d9c79eddd31721d95015289d4eecc77b1bcd8757c224680b019f8a93e52ad4d0": "8172128617",
  "0:db8adb1c25f3fb552e56e49eb86ab023b95dd4c3536364408c292e207c6637c6": "18691079",
  "0:de1dc21c6efc934553ea0ed91c92e524163c0cdbb47edc7a054187d953f61db7": "351623645779",
  "0:df36698689455ba4067eb163e9782ad3393bed663f68c7641f45396d42fcbf13": "17830506318",
  "0:dfe3b14e2c75c1ff797017c3187fc19059f1d49803d84df585531ece788419a5": "7891750269",
  "0:e0960de123cf5dc9296bf8547f77519008c8ab90b647e933c5f8d7a88cff836d": "2846596811",
  "0:e0cfc3e59f1aad4acde2ae37a784b2dc2dc0cfd3d5401210c68d1f3d9a7e2641": "26954497",
  "0:e111d7b658417876074181ba367d5c3ef3815c4d867f16f809a38182ef41f4d8": "3465169969128",
  "0:e1955aba7249f23e4fd2086654a176516d98b134e0df701302677c037c358b17": "0",
  "0:e1f51dea92cea8c838b48368141cdfc87e949c6c6c17ab28d1ed08e582b2b1c7": "4957304288",
  "0:e27cd9ece7421a976c1ecdf8474faf72726b9c3e342f6d56bca8bb1b16856a37": "28006266",
  "0:e2cf8495109cda058495deec156a20957ac8e9106fc06fe4abcff5fb6e2889ab": "4779526855",
  "0:e313cd38870a839178ba7f0c0528206e1d2bdabbd0824e4cc1631cfb0ee2c4e4": "17202181395",
  "0:e4dd92d28bfa97863af622d8036974f654fab851c92279d7906509aa8481b6bf": "6293995813",
  "0:e4e8d70bb0814467cfb9bb6190d749039309523b02ffefc6d38c2e1cf4a7a404": "31003169986",
  "0:e57cdcc30945957e3e4568a4b4d1f5b8e11a2eaadd789f584b5eca6ce27bad33": "31384216952",
  "0:e594c8ea3d8925aca2a8f4e1424a97c446fe75d608061e2cccabb1096ef21764": "295667167294",
  "0:e5b964f16faf4c8ef2e27ad963bec908b658a43132db739db5d7beee192ec5be": "30110141245",
  "0:e5f8b0abbaf980eb27f5b036ee37630311930d81e2c6bb8fe6e1bbc8f71063c0": "26226768038",
  "0:e818946f526bde04e99598394cd775c2084ce8a4f4f424b6cb957d86280a8ffe": "28897501082",
  "0:e8a1975d385ee74657ca1b1fdfe0f5e0ba3e09809c11a1dbc51b5f045afb51b4": "9648507021",
  "0:ea25d91c3cbffe88661d2fbdd4073541563c0367965259882cf8172db5bc0895": "27908119054",
  "0:ea9a18a0e15b5b0c991c4e13fd0091bb0bdc1444d769441f30fa06d6528d79f0": "11087264443",
  "0:ece527c0a6a5de9eb703c5b4e3ccc024de42366d86a2dbafa767e4a05edb199d": "3776329140",
  "0:ed41c32bf90ba965ac58c3c7cb7cce2aad888fa32d633e942f54288c6c882253": "28300850821",
  "0:ee008186a4718141ded67dfdd2cf0dfb3157b66c3795b207cf963357df565d18": "1890157778",
  "0:ee758c2e55c0aff1a6fe74135b02b5da1250c82d52bd03e42623eb7fbbbb25d7": "46825388061",
  "0:f0b7abd3e2eacf27dec1cfb7c360e85d357054a18b8c31c2343c872558e918e5": "197541242681",
  "0:f2cd70f7ad340bfc13234273140a658326ea5c06fbdb2bc2800a23af051889d0": "29295380109",
  "0:f2fd641c9e0ab1782d523abfadbb2b7dc99414c67c594056dc6f563813cb87ed": "106321849",
  "0:f3923ebc519bb7e49b4dba2828cccf7aa529c09c90b5eae5d0329254de8b0a0e": "5046593143",
  "0:f3e4004aa5a30ef01ba7ce0369706f13007be57835c68d2a888ba9ce7f970bb0": "28006219",
  "0:f548cfdafe11f0014bb7e3a48396726fae9e691f3ae00bbbc9fb45f16e0f15a2": "28638241844",
  "0:f65347e6921e9d0e1c15b2cbe919dbabb63aa042afbb5d4f9fc1d37ec1cc85a2": "4332156179",
  "0:f9e7214d9332c81da3a7753d7ae01b1a7e6d4d52e4d13c8d94a792664f349eee": "85215995520",
  "0:fb52250b00d36b86d25ab66a5f8f678e31550e50ec74dbf808f7db8a82727f72": "32200708077",
  "0:fcb4ca422af24b6d143c3b9a319ce4d6abe178ffdc1ffe7939142ef368789a10": "13871124",
  "0:fd5dbf0634ae81868b3ea7d4407c572f4a9c1dc1b805b5d37a35a4dbda7a3945": "29767896745",
  "0:fd9973adb69c518c282a19dd8834325239d1588596ad8cd4910a48eebfa57182": "984303083",
  "0:fe7ee98911e8129a2215362f7f3c9cfec55766db3f49b50d506d262dac5fad98": "8387558208",
  "0:ff0d9747f1be33b49bb045b4e1e5f6d2357b18c964ef4a861c0b98602b4011bd": "29101040004"
 }
}