{
 "Balances": {
  "0:72c095b071ebc643443922a36fb87c65c4e7a3aa86395e15b51bc37c45cba069": "3513246124"
 }
}