{
 "Balances": {
  "0:03cb6f327af7f8d6490644cb016e9622a04267d5cedb79c90d33434d8a475b8b": "0",
  "0:04ccd8a35c8f8d3b1dab122506a3d921f61e607fe51fffb48a127875d353b027": "14451779529",
  "0:0568f98b2e15ef787730dc06081839476c601b7d05a51f8e5619fe0ae03e8335": "532927739",
  "0:07d232b9bf71825fdc3d7e34918cd0c8035d5e908c2bbf3cba745860e493277c": "857802852",
  "0:093d79406fa3f30f983f577832ebd8bdb6eaf6c9f04fcf425fc5fc6c0e8b5472": "161487261",
  "0:097dd310be1cd8421d4fcf0a23275e9b7419d316fc869e28edd5144d2e0576d0": "2431760657",
  "0:0b40561a49e99fc09da61ec236b2a9a1b9b2e3b1b997c1ffa120b5be4f9015b8": "2325014044",
  "0:0e40547df768df03f1d084e4126c3ad93e08b43ee7e844243781e26a20b4136f": "1348660011",
  "0:0eee35dc5fe7c925997e92985ba5d85b20352a700898700afd46f565165dfc51": "393577270",
  "0:1143966662d44b3ec4f9bb0c5bc9a49abf9058290b8fc29d2d6e2e4a395f0b54": "0",
  "0:1150b518b2626ad51899f98887f8824b70065456455f7fe2813f012699a4061f": "1305787079940371",
  "0:120592f06b6bdf76c8280c5db0f7aa5d71c049251c433575cf50becd326d1676": "8478410049",
  "0:15dedb0f5dabb75496a7070e0a08568c93797f9f7b17f0d1d936020216b47ef4": "434812785",
  "0:165b515a5fe0e244af57e8f1df96f085e7db91bf93e717e8cd0791a230335f0f": "357667362",
  "0:19b10172ae2948089100743c6a3ec4d7f896cd6f57e3ab9fe1b73d28d771ac78": "16221115049",
  "0:1a6697ec043c6336d67e1eaceb79d1173abf704799bfaab3480df34b1cb2efe6": "1765226845",
  "0:1bc0d63f762936feb24b41530ab2edd7a88dfb63325750200faba58240d62e80": "5876799262",
  "0:22743ce9eafe287bebca156bec57c310cd8fb855a79416718cdc89ab28825422": "337812114",
  "0:27a8d611104f9943e354884a4ee5ca9d78ecfe1400d2e8b9f513f546966028d0": "176055375312",
  "0:2addfe4b03c73ff6e7461a6f279da0841b333d5ff3082433398c61aad985df12": "95208513",
  "0:2d6c14bd1d661bd89aea89decd3fdd5530538674c66281813a6270386a6e045d": "758080911334",
  "0:2f85e4bf1be539ec2139e5497017edccf9c7387258db2e2ade60298031efd11d": "134557643",
  "0:2ffd3d25c159e3e358ce03effd5d54d17e246a2844ac8d37187167899d1ede28": "1923661912",
  "0:37a452a671ccfe4998d17b718d0e27531dbfae6dce1b0a5452c8b3ceee007b0a": "2766770273",
  "0:3941f726aa09016285bdf71fc2f36415752f2d3d34c50fe22758e54744ed3eb0": "165136220",
  "0:3afac2563882aa79a8f3ee7d5601efd70bde53f10d209b1d9b72a100e03a10dd": "720430247",
  "0:3d54c0ca8b112ad0d8b24e366a18b77d9625612228609e0fc436ef6e4bd8ae6f": "52344665806",
  "0:3db5c5bdc29f5f73724449da8ee340e48bdcaa41c336baca58be01e87b0a481c": "1346183506956",
  "0:4c88cbf20e3f3ac93616ff02258a165bf72b3680029ae5faaa414a9aa9de1455": "3948065986",
  "0:4d6250e2b5e9c054237812cf70f1ffd8dec3d6ad87e68e0defabcec8566b7741": "2339775667",
  "0:5def1900b425674f06a3bba2daed58ee65173c4f41ae845f9b5535c69128b0a3": "1955883712",
  "0:5eb50e64f1a114c33e68321963b6411de6a1cee715bd9ba064078d24e75f478a": "20769027980",
  "0:635e15d437ca0e55f41cc28bcfda8e6566b8fdd6959de4806a28563dd6ffa105": "5318386686",
  "0:6399a7fb4a90af944dcba0f7eed15489f7f5cc8f585108bc92b6af8a80af1685": "1273406464",
  "0:6622e7f582c16f0a5ce38f3389e3afdf75ef584472d28d51d65b3bec640f3216": "1183170153",
  "0:673007d0d57a06462675fec1c4b5dc26125f8649a1720bd22a7b89a22c61aa2e": "4085421068",
  "0:6fba6c2329eef196b8dcdb6a7678b193e1491d467ae6aa6704613f7827a64220": "288741791",
  "0:7113b3c5ddd853442bfa2aa3bcdf773528b1f601c5370f5c241d8ad83fee0783": "2768731275",
  "0:71c474a2c26872accd22654e95871ec9468b63b5d5f246e717962a0bd5b7756a": "10652519982215",
  "0:779dcc815138d9500e449c5291e7f12738c23d575b5310000f6a253bd607384e": "1078285018637",
  "0:79f02d2d225813cf4b824cdfcc71493db9306372f2c6c36cd8fdfbd8482e4fde": "888152032"
 }
}