{
 "Balances": {
  "0:0816e9c02d110e790f7db3231b3bab12cccfc56b546c3c3e530684b4a9578a43": "141373556570",
  "0:436a76c2794a88e3fbfec6b9c0374fc8db046f10868b835420d9937973a665d4": "247124215230231",
  "0:61756f0e0d57d92124cb79d8ef43615b9e6b685d85ca1f0288acd4185d769d73": "0",
  "0:8695a3375961ad8c0889ab89ede694a5a574cd37e88ee2298fc12d47f4c5a46d": "1905246378",
  "0:932882036ea995e609ec71dda0372f3863944a4a7921ba345d98fb488864ea07": "8000000000",
  "0:d8c224a737c3cbe5cf0e3a7026a6623838095f7f5a012c7a617c925f45e9308a": "18337000",
  "0:e6bbbb52894d80db2b08a586d98161f6ba9e9721d99001207edfe24a34b9f9d4": "7649742047",
  "0:fe23d7f8c09ed540a0f578c79ffe5648c40c9ad9930a38e95005af13679d2efd": "43439343"
 }
}