{
   "FromPrevBlk": {
     "Grams": "2817115690474510677",
     "Other": {
       "239": "2333333332",
       "4294967279": "1555555554"
     }
   },
   "ToNextBlk": {
     "Grams": "2817115682666119039",
     "Other": {
       "239": "2333333332",
       "4294967279": "1555555554"
     }
   },
   "Imported": {
     "Grams": "0",
     "Other": {}
   },
   "Exported": {
     "Grams": "0",
     "Other": {}
   },
   "FeesCollected": {
     "Grams": "8808391638",
     "Other": {}
   },
   "Burned": null,
   "FeesImported": {
     "Grams": "0",
     "Other": {}
   },
   "Recovered": {
     "Grams": "0",
     "Other": {}
   },
   "Created": {
     "Grams": "1000000000",
     "Other": {}
   },
   "Minted": {
     "Grams": "0",
     "Other": {}
   }
 }